// Jest Snapshot v1, https://goo.gl/fbAQLP

exports[`BodyText renders 1`] = `
<BodyText>
  <p
    className="bodyText bodyText__fontBody bodyText__sizeMd"
  >
    Some button
  </p>
</BodyText>
`;
