// Jest Snapshot v1, https://goo.gl/fbAQLP

exports[`Element renders 1`] = `
<Element>
  <div
    className="element element__minWidth element__padding"
  />
</Element>
`;
