// Jest Snapshot v1, https://goo.gl/fbAQLP

exports[`Page renders 1`] = `
<div
  className="page"
/>
`;
