// Jest Snapshot v1, https://goo.gl/fbAQLP

exports[`Flex renders 1`] = `
<Flex>
  <div
    className="flex"
  />
</Flex>
`;
